mkdir .libs
mkdir kernel/.libs
 gcc -I. -I/Users/mohamedfawzy/utility/ext -DPHP_ATOM_INC -I/Users/mohamedfawzy/utility/ext/include -I/Users/mohamedfawzy/utility/ext/main -I/Users/mohamedfawzy/utility/ext -I/usr/local/Cellar/php/7.2.4_1/include/php -I/usr/local/Cellar/php/7.2.4_1/include/php/main -I/usr/local/Cellar/php/7.2.4_1/include/php/TSRM -I/usr/local/Cellar/php/7.2.4_1/include/php/Zend -I/usr/local/Cellar/php/7.2.4_1/include/php/ext -I/usr/local/Cellar/php/7.2.4_1/include/php/ext/date/lib -DHAVE_CONFIG_H -O2 -fvisibility=hidden -Wparentheses -flto -DZEPHIR_RELEASE=1 -c /Users/mohamedfawzy/utility/ext/utility.c  -fno-common -DPIC -o .libs/utility.o
 gcc -I. -I/Users/mohamedfawzy/utility/ext -DPHP_ATOM_INC -I/Users/mohamedfawzy/utility/ext/include -I/Users/mohamedfawzy/utility/ext/main -I/Users/mohamedfawzy/utility/ext -I/usr/local/Cellar/php/7.2.4_1/include/php -I/usr/local/Cellar/php/7.2.4_1/include/php/main -I/usr/local/Cellar/php/7.2.4_1/include/php/TSRM -I/usr/local/Cellar/php/7.2.4_1/include/php/Zend -I/usr/local/Cellar/php/7.2.4_1/include/php/ext -I/usr/local/Cellar/php/7.2.4_1/include/php/ext/date/lib -DHAVE_CONFIG_H -O2 -fvisibility=hidden -Wparentheses -flto -DZEPHIR_RELEASE=1 -c /Users/mohamedfawzy/utility/ext/kernel/main.c  -fno-common -DPIC -o kernel/.libs/main.o
 gcc -I. -I/Users/mohamedfawzy/utility/ext -DPHP_ATOM_INC -I/Users/mohamedfawzy/utility/ext/include -I/Users/mohamedfawzy/utility/ext/main -I/Users/mohamedfawzy/utility/ext -I/usr/local/Cellar/php/7.2.4_1/include/php -I/usr/local/Cellar/php/7.2.4_1/include/php/main -I/usr/local/Cellar/php/7.2.4_1/include/php/TSRM -I/usr/local/Cellar/php/7.2.4_1/include/php/Zend -I/usr/local/Cellar/php/7.2.4_1/include/php/ext -I/usr/local/Cellar/php/7.2.4_1/include/php/ext/date/lib -DHAVE_CONFIG_H -O2 -fvisibility=hidden -Wparentheses -flto -DZEPHIR_RELEASE=1 -c /Users/mohamedfawzy/utility/ext/kernel/memory.c  -fno-common -DPIC -o kernel/.libs/memory.o
 gcc -I. -I/Users/mohamedfawzy/utility/ext -DPHP_ATOM_INC -I/Users/mohamedfawzy/utility/ext/include -I/Users/mohamedfawzy/utility/ext/main -I/Users/mohamedfawzy/utility/ext -I/usr/local/Cellar/php/7.2.4_1/include/php -I/usr/local/Cellar/php/7.2.4_1/include/php/main -I/usr/local/Cellar/php/7.2.4_1/include/php/TSRM -I/usr/local/Cellar/php/7.2.4_1/include/php/Zend -I/usr/local/Cellar/php/7.2.4_1/include/php/ext -I/usr/local/Cellar/php/7.2.4_1/include/php/ext/date/lib -DHAVE_CONFIG_H -O2 -fvisibility=hidden -Wparentheses -flto -DZEPHIR_RELEASE=1 -c /Users/mohamedfawzy/utility/ext/kernel/exception.c  -fno-common -DPIC -o kernel/.libs/exception.o
 gcc -I. -I/Users/mohamedfawzy/utility/ext -DPHP_ATOM_INC -I/Users/mohamedfawzy/utility/ext/include -I/Users/mohamedfawzy/utility/ext/main -I/Users/mohamedfawzy/utility/ext -I/usr/local/Cellar/php/7.2.4_1/include/php -I/usr/local/Cellar/php/7.2.4_1/include/php/main -I/usr/local/Cellar/php/7.2.4_1/include/php/TSRM -I/usr/local/Cellar/php/7.2.4_1/include/php/Zend -I/usr/local/Cellar/php/7.2.4_1/include/php/ext -I/usr/local/Cellar/php/7.2.4_1/include/php/ext/date/lib -DHAVE_CONFIG_H -O2 -fvisibility=hidden -Wparentheses -flto -DZEPHIR_RELEASE=1 -c /Users/mohamedfawzy/utility/ext/kernel/debug.c  -fno-common -DPIC -o kernel/.libs/debug.o
 gcc -I. -I/Users/mohamedfawzy/utility/ext -DPHP_ATOM_INC -I/Users/mohamedfawzy/utility/ext/include -I/Users/mohamedfawzy/utility/ext/main -I/Users/mohamedfawzy/utility/ext -I/usr/local/Cellar/php/7.2.4_1/include/php -I/usr/local/Cellar/php/7.2.4_1/include/php/main -I/usr/local/Cellar/php/7.2.4_1/include/php/TSRM -I/usr/local/Cellar/php/7.2.4_1/include/php/Zend -I/usr/local/Cellar/php/7.2.4_1/include/php/ext -I/usr/local/Cellar/php/7.2.4_1/include/php/ext/date/lib -DHAVE_CONFIG_H -O2 -fvisibility=hidden -Wparentheses -flto -DZEPHIR_RELEASE=1 -c /Users/mohamedfawzy/utility/ext/kernel/backtrace.c  -fno-common -DPIC -o kernel/.libs/backtrace.o
 gcc -I. -I/Users/mohamedfawzy/utility/ext -DPHP_ATOM_INC -I/Users/mohamedfawzy/utility/ext/include -I/Users/mohamedfawzy/utility/ext/main -I/Users/mohamedfawzy/utility/ext -I/usr/local/Cellar/php/7.2.4_1/include/php -I/usr/local/Cellar/php/7.2.4_1/include/php/main -I/usr/local/Cellar/php/7.2.4_1/include/php/TSRM -I/usr/local/Cellar/php/7.2.4_1/include/php/Zend -I/usr/local/Cellar/php/7.2.4_1/include/php/ext -I/usr/local/Cellar/php/7.2.4_1/include/php/ext/date/lib -DHAVE_CONFIG_H -O2 -fvisibility=hidden -Wparentheses -flto -DZEPHIR_RELEASE=1 -c /Users/mohamedfawzy/utility/ext/kernel/object.c  -fno-common -DPIC -o kernel/.libs/object.o
 gcc -I. -I/Users/mohamedfawzy/utility/ext -DPHP_ATOM_INC -I/Users/mohamedfawzy/utility/ext/include -I/Users/mohamedfawzy/utility/ext/main -I/Users/mohamedfawzy/utility/ext -I/usr/local/Cellar/php/7.2.4_1/include/php -I/usr/local/Cellar/php/7.2.4_1/include/php/main -I/usr/local/Cellar/php/7.2.4_1/include/php/TSRM -I/usr/local/Cellar/php/7.2.4_1/include/php/Zend -I/usr/local/Cellar/php/7.2.4_1/include/php/ext -I/usr/local/Cellar/php/7.2.4_1/include/php/ext/date/lib -DHAVE_CONFIG_H -O2 -fvisibility=hidden -Wparentheses -flto -DZEPHIR_RELEASE=1 -c /Users/mohamedfawzy/utility/ext/kernel/array.c  -fno-common -DPIC -o kernel/.libs/array.o
 gcc -I. -I/Users/mohamedfawzy/utility/ext -DPHP_ATOM_INC -I/Users/mohamedfawzy/utility/ext/include -I/Users/mohamedfawzy/utility/ext/main -I/Users/mohamedfawzy/utility/ext -I/usr/local/Cellar/php/7.2.4_1/include/php -I/usr/local/Cellar/php/7.2.4_1/include/php/main -I/usr/local/Cellar/php/7.2.4_1/include/php/TSRM -I/usr/local/Cellar/php/7.2.4_1/include/php/Zend -I/usr/local/Cellar/php/7.2.4_1/include/php/ext -I/usr/local/Cellar/php/7.2.4_1/include/php/ext/date/lib -DHAVE_CONFIG_H -O2 -fvisibility=hidden -Wparentheses -flto -DZEPHIR_RELEASE=1 -c /Users/mohamedfawzy/utility/ext/kernel/string.c  -fno-common -DPIC -o kernel/.libs/string.o
 gcc -I. -I/Users/mohamedfawzy/utility/ext -DPHP_ATOM_INC -I/Users/mohamedfawzy/utility/ext/include -I/Users/mohamedfawzy/utility/ext/main -I/Users/mohamedfawzy/utility/ext -I/usr/local/Cellar/php/7.2.4_1/include/php -I/usr/local/Cellar/php/7.2.4_1/include/php/main -I/usr/local/Cellar/php/7.2.4_1/include/php/TSRM -I/usr/local/Cellar/php/7.2.4_1/include/php/Zend -I/usr/local/Cellar/php/7.2.4_1/include/php/ext -I/usr/local/Cellar/php/7.2.4_1/include/php/ext/date/lib -DHAVE_CONFIG_H -O2 -fvisibility=hidden -Wparentheses -flto -DZEPHIR_RELEASE=1 -c /Users/mohamedfawzy/utility/ext/kernel/fcall.c  -fno-common -DPIC -o kernel/.libs/fcall.o
 gcc -I. -I/Users/mohamedfawzy/utility/ext -DPHP_ATOM_INC -I/Users/mohamedfawzy/utility/ext/include -I/Users/mohamedfawzy/utility/ext/main -I/Users/mohamedfawzy/utility/ext -I/usr/local/Cellar/php/7.2.4_1/include/php -I/usr/local/Cellar/php/7.2.4_1/include/php/main -I/usr/local/Cellar/php/7.2.4_1/include/php/TSRM -I/usr/local/Cellar/php/7.2.4_1/include/php/Zend -I/usr/local/Cellar/php/7.2.4_1/include/php/ext -I/usr/local/Cellar/php/7.2.4_1/include/php/ext/date/lib -DHAVE_CONFIG_H -O2 -fvisibility=hidden -Wparentheses -flto -DZEPHIR_RELEASE=1 -c /Users/mohamedfawzy/utility/ext/kernel/require.c  -fno-common -DPIC -o kernel/.libs/require.o
 gcc -I. -I/Users/mohamedfawzy/utility/ext -DPHP_ATOM_INC -I/Users/mohamedfawzy/utility/ext/include -I/Users/mohamedfawzy/utility/ext/main -I/Users/mohamedfawzy/utility/ext -I/usr/local/Cellar/php/7.2.4_1/include/php -I/usr/local/Cellar/php/7.2.4_1/include/php/main -I/usr/local/Cellar/php/7.2.4_1/include/php/TSRM -I/usr/local/Cellar/php/7.2.4_1/include/php/Zend -I/usr/local/Cellar/php/7.2.4_1/include/php/ext -I/usr/local/Cellar/php/7.2.4_1/include/php/ext/date/lib -DHAVE_CONFIG_H -O2 -fvisibility=hidden -Wparentheses -flto -DZEPHIR_RELEASE=1 -c /Users/mohamedfawzy/utility/ext/kernel/file.c  -fno-common -DPIC -o kernel/.libs/file.o
 gcc -I. -I/Users/mohamedfawzy/utility/ext -DPHP_ATOM_INC -I/Users/mohamedfawzy/utility/ext/include -I/Users/mohamedfawzy/utility/ext/main -I/Users/mohamedfawzy/utility/ext -I/usr/local/Cellar/php/7.2.4_1/include/php -I/usr/local/Cellar/php/7.2.4_1/include/php/main -I/usr/local/Cellar/php/7.2.4_1/include/php/TSRM -I/usr/local/Cellar/php/7.2.4_1/include/php/Zend -I/usr/local/Cellar/php/7.2.4_1/include/php/ext -I/usr/local/Cellar/php/7.2.4_1/include/php/ext/date/lib -DHAVE_CONFIG_H -O2 -fvisibility=hidden -Wparentheses -flto -DZEPHIR_RELEASE=1 -c /Users/mohamedfawzy/utility/ext/kernel/operators.c  -fno-common -DPIC -o kernel/.libs/operators.o
 gcc -I. -I/Users/mohamedfawzy/utility/ext -DPHP_ATOM_INC -I/Users/mohamedfawzy/utility/ext/include -I/Users/mohamedfawzy/utility/ext/main -I/Users/mohamedfawzy/utility/ext -I/usr/local/Cellar/php/7.2.4_1/include/php -I/usr/local/Cellar/php/7.2.4_1/include/php/main -I/usr/local/Cellar/php/7.2.4_1/include/php/TSRM -I/usr/local/Cellar/php/7.2.4_1/include/php/Zend -I/usr/local/Cellar/php/7.2.4_1/include/php/ext -I/usr/local/Cellar/php/7.2.4_1/include/php/ext/date/lib -DHAVE_CONFIG_H -O2 -fvisibility=hidden -Wparentheses -flto -DZEPHIR_RELEASE=1 -c /Users/mohamedfawzy/utility/ext/kernel/math.c  -fno-common -DPIC -o kernel/.libs/math.o
 gcc -I. -I/Users/mohamedfawzy/utility/ext -DPHP_ATOM_INC -I/Users/mohamedfawzy/utility/ext/include -I/Users/mohamedfawzy/utility/ext/main -I/Users/mohamedfawzy/utility/ext -I/usr/local/Cellar/php/7.2.4_1/include/php -I/usr/local/Cellar/php/7.2.4_1/include/php/main -I/usr/local/Cellar/php/7.2.4_1/include/php/TSRM -I/usr/local/Cellar/php/7.2.4_1/include/php/Zend -I/usr/local/Cellar/php/7.2.4_1/include/php/ext -I/usr/local/Cellar/php/7.2.4_1/include/php/ext/date/lib -DHAVE_CONFIG_H -O2 -fvisibility=hidden -Wparentheses -flto -DZEPHIR_RELEASE=1 -c /Users/mohamedfawzy/utility/ext/kernel/concat.c  -fno-common -DPIC -o kernel/.libs/concat.o
 gcc -I. -I/Users/mohamedfawzy/utility/ext -DPHP_ATOM_INC -I/Users/mohamedfawzy/utility/ext/include -I/Users/mohamedfawzy/utility/ext/main -I/Users/mohamedfawzy/utility/ext -I/usr/local/Cellar/php/7.2.4_1/include/php -I/usr/local/Cellar/php/7.2.4_1/include/php/main -I/usr/local/Cellar/php/7.2.4_1/include/php/TSRM -I/usr/local/Cellar/php/7.2.4_1/include/php/Zend -I/usr/local/Cellar/php/7.2.4_1/include/php/ext -I/usr/local/Cellar/php/7.2.4_1/include/php/ext/date/lib -DHAVE_CONFIG_H -O2 -fvisibility=hidden -Wparentheses -flto -DZEPHIR_RELEASE=1 -c /Users/mohamedfawzy/utility/ext/kernel/variables.c  -fno-common -DPIC -o kernel/.libs/variables.o
 gcc -I. -I/Users/mohamedfawzy/utility/ext -DPHP_ATOM_INC -I/Users/mohamedfawzy/utility/ext/include -I/Users/mohamedfawzy/utility/ext/main -I/Users/mohamedfawzy/utility/ext -I/usr/local/Cellar/php/7.2.4_1/include/php -I/usr/local/Cellar/php/7.2.4_1/include/php/main -I/usr/local/Cellar/php/7.2.4_1/include/php/TSRM -I/usr/local/Cellar/php/7.2.4_1/include/php/Zend -I/usr/local/Cellar/php/7.2.4_1/include/php/ext -I/usr/local/Cellar/php/7.2.4_1/include/php/ext/date/lib -DHAVE_CONFIG_H -O2 -fvisibility=hidden -Wparentheses -flto -DZEPHIR_RELEASE=1 -c /Users/mohamedfawzy/utility/ext/kernel/filter.c  -fno-common -DPIC -o kernel/.libs/filter.o
 gcc -I. -I/Users/mohamedfawzy/utility/ext -DPHP_ATOM_INC -I/Users/mohamedfawzy/utility/ext/include -I/Users/mohamedfawzy/utility/ext/main -I/Users/mohamedfawzy/utility/ext -I/usr/local/Cellar/php/7.2.4_1/include/php -I/usr/local/Cellar/php/7.2.4_1/include/php/main -I/usr/local/Cellar/php/7.2.4_1/include/php/TSRM -I/usr/local/Cellar/php/7.2.4_1/include/php/Zend -I/usr/local/Cellar/php/7.2.4_1/include/php/ext -I/usr/local/Cellar/php/7.2.4_1/include/php/ext/date/lib -DHAVE_CONFIG_H -O2 -fvisibility=hidden -Wparentheses -flto -DZEPHIR_RELEASE=1 -c /Users/mohamedfawzy/utility/ext/kernel/iterator.c  -fno-common -DPIC -o kernel/.libs/iterator.o
 gcc -I. -I/Users/mohamedfawzy/utility/ext -DPHP_ATOM_INC -I/Users/mohamedfawzy/utility/ext/include -I/Users/mohamedfawzy/utility/ext/main -I/Users/mohamedfawzy/utility/ext -I/usr/local/Cellar/php/7.2.4_1/include/php -I/usr/local/Cellar/php/7.2.4_1/include/php/main -I/usr/local/Cellar/php/7.2.4_1/include/php/TSRM -I/usr/local/Cellar/php/7.2.4_1/include/php/Zend -I/usr/local/Cellar/php/7.2.4_1/include/php/ext -I/usr/local/Cellar/php/7.2.4_1/include/php/ext/date/lib -DHAVE_CONFIG_H -O2 -fvisibility=hidden -Wparentheses -flto -DZEPHIR_RELEASE=1 -c /Users/mohamedfawzy/utility/ext/kernel/time.c  -fno-common -DPIC -o kernel/.libs/time.o
 gcc -I. -I/Users/mohamedfawzy/utility/ext -DPHP_ATOM_INC -I/Users/mohamedfawzy/utility/ext/include -I/Users/mohamedfawzy/utility/ext/main -I/Users/mohamedfawzy/utility/ext -I/usr/local/Cellar/php/7.2.4_1/include/php -I/usr/local/Cellar/php/7.2.4_1/include/php/main -I/usr/local/Cellar/php/7.2.4_1/include/php/TSRM -I/usr/local/Cellar/php/7.2.4_1/include/php/Zend -I/usr/local/Cellar/php/7.2.4_1/include/php/ext -I/usr/local/Cellar/php/7.2.4_1/include/php/ext/date/lib -DHAVE_CONFIG_H -O2 -fvisibility=hidden -Wparentheses -flto -DZEPHIR_RELEASE=1 -c /Users/mohamedfawzy/utility/ext/kernel/exit.c  -fno-common -DPIC -o kernel/.libs/exit.o
mkdir utility/.libs
 gcc -I. -I/Users/mohamedfawzy/utility/ext -DPHP_ATOM_INC -I/Users/mohamedfawzy/utility/ext/include -I/Users/mohamedfawzy/utility/ext/main -I/Users/mohamedfawzy/utility/ext -I/usr/local/Cellar/php/7.2.4_1/include/php -I/usr/local/Cellar/php/7.2.4_1/include/php/main -I/usr/local/Cellar/php/7.2.4_1/include/php/TSRM -I/usr/local/Cellar/php/7.2.4_1/include/php/Zend -I/usr/local/Cellar/php/7.2.4_1/include/php/ext -I/usr/local/Cellar/php/7.2.4_1/include/php/ext/date/lib -DHAVE_CONFIG_H -O2 -fvisibility=hidden -Wparentheses -flto -DZEPHIR_RELEASE=1 -c /Users/mohamedfawzy/utility/ext/utility/arrays.zep.c  -fno-common -DPIC -o utility/.libs/arrays.o
gcc ${wl}-flat_namespace ${wl}-undefined ${wl}suppress -o .libs/utility.so -bundle  .libs/utility.o kernel/.libs/main.o kernel/.libs/memory.o kernel/.libs/exception.o kernel/.libs/debug.o kernel/.libs/backtrace.o kernel/.libs/object.o kernel/.libs/array.o kernel/.libs/string.o kernel/.libs/fcall.o kernel/.libs/require.o kernel/.libs/file.o kernel/.libs/operators.o kernel/.libs/math.o kernel/.libs/concat.o kernel/.libs/variables.o kernel/.libs/filter.o kernel/.libs/iterator.o kernel/.libs/time.o kernel/.libs/exit.o utility/.libs/arrays.o  
dsymutil .libs/utility.so || :
creating utility.la
(cd .libs && rm -f utility.la && ln -s ../utility.la utility.la)
cp ./.libs/utility.so /Users/mohamedfawzy/utility/ext/modules/utility.so
cp ./.libs/utility.lai /Users/mohamedfawzy/utility/ext/modules/utility.la
----------------------------------------------------------------------
Libraries have been installed in:
   /Users/mohamedfawzy/utility/ext/modules

If you ever happen to want to link against installed libraries
in a given directory, LIBDIR, you must either use libtool, and
specify the full pathname of the library, or use the `-LLIBDIR'
flag during linking and do at least one of the following:
   - add LIBDIR to the `DYLD_LIBRARY_PATH' environment variable
     during execution

See any operating system documentation about shared libraries for
more information, such as the ld(1) and ld.so(8) manual pages.
----------------------------------------------------------------------

Build complete.
Don't forget to run 'make test'.


Build complete.
Don't forget to run 'make test'.

Installing shared extensions:     /usr/local/Cellar/php/7.2.4_1/pecl/20170718/
Installing header files:          /usr/local/Cellar/php/7.2.4_1/include/php/
